2026-06-11 20:30:04  INFO      === Backup starter → lonsystem_2026-06-11_20-30.zip ===
2026-06-11 20:30:13  INFO      === Backup starter -> lonsystem_2026-06-11_20-30.zip ===
2026-06-11 20:30:13  INFO        + lonsystem.db (480.0 KB)
2026-06-11 20:30:13  INFO        + Overtid satser.xlsx
2026-06-11 20:30:13  INFO        + Overenskomsttyper og timesatser.xlsx
2026-06-11 20:30:13  INFO        + Afdelinger.xlsx
2026-06-11 20:30:13  INFO      Backup gemt: lonsystem_2026-06-11_20-30.zip (68.6 KB)
2026-06-11 20:30:13  INFO      === Backup færdig. 1 backup(s) i arkivet. ===
2026-06-18 22:11:19  INFO      === Backup starter -> lonsystem_2026-06-18_22-11.zip ===
2026-06-18 22:11:19  INFO        + lonsystem.db (612.0 KB)
2026-06-18 22:11:19  INFO        + Overtid satser.xlsx
2026-06-18 22:11:19  INFO        + Overenskomsttyper og timesatser.xlsx
2026-06-18 22:11:19  INFO        + Afdelinger.xlsx
2026-06-18 22:11:19  INFO      Backup gemt: lonsystem_2026-06-18_22-11.zip (88.9 KB)
2026-06-18 22:11:19  INFO        Slettet gammel backup: lonsystem_2026-06-11_20-30.zip
2026-06-18 22:11:19  INFO      Ryddede 1 backup(s) ældre end 5 dage.
2026-06-18 22:11:19  INFO      === Backup færdig. 1 backup(s) i arkivet. ===
2026-06-22 08:01:34  INFO      === Backup starter -> lonsystem_2026-06-22_08-01.zip ===
2026-06-22 08:01:34  INFO        + lonsystem.db (612.0 KB)
2026-06-22 08:01:34  INFO        + Overtid satser.xlsx
2026-06-22 08:01:34  INFO        + Overenskomsttyper og timesatser.xlsx
2026-06-22 08:01:34  INFO        + Afdelinger.xlsx
2026-06-22 08:01:34  INFO      Backup gemt: lonsystem_2026-06-22_08-01.zip (89.0 KB)
2026-06-22 08:01:34  INFO      === Backup færdig. 2 backup(s) i arkivet. ===
2026-06-23 08:02:06  INFO      === Backup starter -> lonsystem_2026-06-23_08-02.zip ===
2026-06-23 08:02:06  INFO        + lonsystem.db (652.0 KB)
2026-06-23 08:02:06  INFO        + Overtid satser.xlsx
2026-06-23 08:02:06  INFO        + Overenskomsttyper og timesatser.xlsx
2026-06-23 08:02:06  INFO        + Afdelinger.xlsx
2026-06-23 08:02:06  INFO      Backup gemt: lonsystem_2026-06-23_08-02.zip (92.6 KB)
2026-06-23 08:02:06  INFO      === Backup færdig. 3 backup(s) i arkivet. ===
2026-06-24 08:00:01  INFO      === Backup starter -> lonsystem_2026-06-24_08-00.zip ===
2026-06-24 08:00:01  INFO        + lonsystem.db (680.0 KB)
2026-06-24 08:00:02  INFO        + Overtid satser.xlsx
2026-06-24 08:00:02  INFO        + Overenskomsttyper og timesatser.xlsx
2026-06-24 08:00:02  INFO        + Afdelinger.xlsx
2026-06-24 08:00:02  INFO      Backup gemt: lonsystem_2026-06-24_08-00.zip (96.0 KB)
2026-06-24 08:00:02  INFO        Slettet gammel backup: lonsystem_2026-06-18_22-11.zip
2026-06-24 08:00:02  INFO      Ryddede 1 backup(s) ældre end 5 dage.
2026-06-24 08:00:02  INFO      === Backup færdig. 3 backup(s) i arkivet. ===
2026-06-29 07:53:43  INFO      === Backup starter -> lonsystem_2026-06-29_07-53.zip ===
2026-06-29 07:53:43  INFO        + lonsystem.db (680.0 KB)
2026-06-29 07:53:43  INFO        + Overtid satser.xlsx
2026-06-29 07:53:43  INFO        + Overenskomsttyper og timesatser.xlsx
2026-06-29 07:53:43  INFO        + Afdelinger.xlsx
2026-06-29 07:53:43  INFO      Backup gemt: lonsystem_2026-06-29_07-53.zip (96.2 KB)
2026-06-29 07:53:43  INFO        Slettet gammel backup: lonsystem_2026-06-22_08-01.zip
2026-06-29 07:53:43  INFO        Slettet gammel backup: lonsystem_2026-06-23_08-02.zip
2026-06-29 07:53:43  INFO      Ryddede 2 backup(s) ældre end 5 dage.
2026-06-29 07:53:43  INFO      === Backup færdig. 2 backup(s) i arkivet. ===
2026-06-29 08:00:02  INFO      === Backup starter -> lonsystem_2026-06-29_08-00.zip ===
2026-06-29 08:00:02  INFO        + lonsystem.db (680.0 KB)
2026-06-29 08:00:02  INFO        + Overtid satser.xlsx
2026-06-29 08:00:02  INFO        + Overenskomsttyper og timesatser.xlsx
2026-06-29 08:00:02  INFO        + Afdelinger.xlsx
2026-06-29 08:00:02  INFO      Backup gemt: lonsystem_2026-06-29_08-00.zip (96.2 KB)
2026-06-29 08:00:02  INFO        Slettet gammel backup: lonsystem_2026-06-24_08-00.zip
2026-06-29 08:00:02  INFO      Ryddede 1 backup(s) ældre end 5 dage.
2026-06-29 08:00:02  INFO      === Backup færdig. 2 backup(s) i arkivet. ===
2026-06-30 08:00:02  INFO      === Backup starter -> lonsystem_2026-06-30_08-00.zip ===
2026-06-30 08:00:02  INFO        + lonsystem.db (688.0 KB)
2026-06-30 08:00:02  INFO        + Overtid satser.xlsx
2026-06-30 08:00:02  INFO        + Overenskomsttyper og timesatser.xlsx
2026-06-30 08:00:02  INFO        + Afdelinger.xlsx
2026-06-30 08:00:02  INFO      Backup gemt: lonsystem_2026-06-30_08-00.zip (97.6 KB)
2026-06-30 08:00:02  INFO      === Backup færdig. 3 backup(s) i arkivet. ===
2026-07-01 08:00:30  INFO      === Backup starter -> lonsystem_2026-07-01_08-00.zip ===
2026-07-01 08:00:30  INFO        + lonsystem.db (704.0 KB)
2026-07-01 08:00:30  INFO        + Overtid satser.xlsx
2026-07-01 08:00:30  INFO        + Overenskomsttyper og timesatser.xlsx
2026-07-01 08:00:30  INFO        + Afdelinger.xlsx
2026-07-01 08:00:30  INFO      Backup gemt: lonsystem_2026-07-01_08-00.zip (99.6 KB)
2026-07-01 08:00:30  INFO      === Backup færdig. 4 backup(s) i arkivet. ===
2026-07-02 08:00:03  INFO      === Backup starter -> lonsystem_2026-07-02_08-00.zip ===
2026-07-02 08:00:03  INFO        + lonsystem.db (1628.0 KB)
2026-07-02 08:00:04  INFO        + Overtid satser.xlsx
2026-07-02 08:00:04  INFO        + Overenskomsttyper og timesatser.xlsx
2026-07-02 08:00:04  INFO        + Afdelinger.xlsx
2026-07-02 08:00:04  INFO      Backup gemt: lonsystem_2026-07-02_08-00.zip (185.5 KB)
2026-07-02 08:00:04  INFO      === Backup færdig. 5 backup(s) i arkivet. ===
2026-07-03 08:00:02  INFO      === Backup starter -> lonsystem_2026-07-03_08-00.zip ===
2026-07-03 08:00:02  INFO        + lonsystem.db (2120.0 KB)
2026-07-03 08:00:02  INFO        + Overtid satser.xlsx
2026-07-03 08:00:02  INFO        + Overenskomsttyper og timesatser.xlsx
2026-07-03 08:00:02  INFO        + Afdelinger.xlsx
2026-07-03 08:00:02  INFO      Backup gemt: lonsystem_2026-07-03_08-00.zip (231.9 KB)
2026-07-03 08:00:02  INFO      === Backup færdig. 6 backup(s) i arkivet. ===
2026-07-27 08:09:47  INFO      === Backup starter -> lonsystem_2026-07-27_08-09.zip ===
2026-07-27 08:09:48  INFO        + lonsystem.db (2124.0 KB)
2026-07-27 08:09:48  INFO        + Overtid satser.xlsx
2026-07-27 08:09:48  INFO        + Overenskomsttyper og timesatser.xlsx
2026-07-27 08:09:49  INFO        + Afdelinger.xlsx
2026-07-27 08:09:49  INFO      Backup gemt: lonsystem_2026-07-27_08-09.zip (232.4 KB)
2026-07-27 08:09:49  INFO        Slettet gammel backup: lonsystem_2026-06-29_07-53.zip
2026-07-27 08:09:49  INFO        Slettet gammel backup: lonsystem_2026-06-29_08-00.zip
2026-07-27 08:09:49  INFO        Slettet gammel backup: lonsystem_2026-06-30_08-00.zip
2026-07-27 08:09:49  INFO        Slettet gammel backup: lonsystem_2026-07-01_08-00.zip
2026-07-27 08:09:49  INFO        Slettet gammel backup: lonsystem_2026-07-02_08-00.zip
2026-07-27 08:09:49  INFO        Slettet gammel backup: lonsystem_2026-07-03_08-00.zip
2026-07-27 08:09:49  INFO      Ryddede 6 backup(s) ældre end 5 dage.
2026-07-27 08:09:49  INFO      === Backup færdig. 1 backup(s) i arkivet. ===
2026-07-28 08:00:03  INFO      === Backup starter -> lonsystem_2026-07-28_08-00.zip ===
2026-07-28 08:00:03  INFO        + lonsystem.db (3284.0 KB)
2026-07-28 08:00:03  INFO        + Overtid satser.xlsx
2026-07-28 08:00:03  INFO        + Overenskomsttyper og timesatser.xlsx
2026-07-28 08:00:03  INFO        + Afdelinger.xlsx
2026-07-28 08:00:03  INFO      Backup gemt: lonsystem_2026-07-28_08-00.zip (357.7 KB)
2026-07-28 08:00:03  INFO      === Backup færdig. 2 backup(s) i arkivet. ===
2026-07-29 08:00:02  INFO      === Backup starter -> lonsystem_2026-07-29_08-00.zip ===
2026-07-29 08:00:02  INFO        + lonsystem.db (9168.0 KB)
2026-07-29 08:00:02  INFO        + Overtid satser.xlsx
2026-07-29 08:00:02  INFO        + Overenskomsttyper og timesatser.xlsx
2026-07-29 08:00:02  INFO        + Afdelinger.xlsx
2026-07-29 08:00:02  INFO      Backup gemt: lonsystem_2026-07-29_08-00.zip (978.2 KB)
2026-07-29 08:00:02  INFO      === Backup færdig. 3 backup(s) i arkivet. ===
2026-07-31 08:00:02  INFO      === Backup starter -> lonsystem_2026-07-31_08-00.zip ===
2026-07-31 08:00:04  INFO        + lonsystem.db (19352.0 KB)
2026-07-31 08:00:04  INFO        + Overtid satser.xlsx
2026-07-31 08:00:04  INFO        + Overenskomsttyper og timesatser.xlsx
2026-07-31 08:00:04  INFO        + Afdelinger.xlsx
2026-07-31 08:00:04  INFO      Backup gemt: lonsystem_2026-07-31_08-00.zip (2022.7 KB)
2026-07-31 08:00:04  INFO      === Backup færdig. 4 backup(s) i arkivet. ===
2026-08-03 08:10:44  INFO      === Backup starter -> lonsystem_2026-08-03_08-10.zip ===
2026-08-03 08:10:48  INFO        + lonsystem.db (20300.0 KB)
2026-08-03 08:10:49  INFO        + Overtid satser.xlsx
2026-08-03 08:10:49  INFO        + Overenskomsttyper og timesatser.xlsx
2026-08-03 08:10:49  INFO        + Afdelinger.xlsx
2026-08-03 08:10:49  INFO      Backup gemt: lonsystem_2026-08-03_08-10.zip (2119.7 KB)
2026-08-03 08:10:49  INFO        Slettet gammel backup: lonsystem_2026-07-27_08-09.zip
2026-08-03 08:10:49  INFO        Slettet gammel backup: lonsystem_2026-07-28_08-00.zip
2026-08-03 08:10:49  INFO        Slettet gammel backup: lonsystem_2026-07-29_08-00.zip
2026-08-03 08:10:49  INFO      Ryddede 3 backup(s) ældre end 5 dage.
2026-08-03 08:10:49  INFO      === Backup færdig. 2 backup(s) i arkivet. ===
2026-08-04 08:00:02  INFO      === Backup starter -> lonsystem_2026-08-04_08-00.zip ===
2026-08-04 08:00:03  INFO        + lonsystem.db (20300.0 KB)
2026-08-04 08:00:03  INFO        + Overtid satser.xlsx
2026-08-04 08:00:03  INFO        + Overenskomsttyper og timesatser.xlsx
2026-08-04 08:00:03  INFO        + Afdelinger.xlsx
2026-08-04 08:00:03  INFO      Backup gemt: lonsystem_2026-08-04_08-00.zip (2122.1 KB)
2026-08-04 08:00:03  INFO      === Backup færdig. 3 backup(s) i arkivet. ===
2026-08-06 08:08:25  INFO      === Backup starter -> lonsystem_2026-08-06_08-08.zip ===
2026-08-06 08:08:29  INFO        + lonsystem.db (27144.0 KB)
2026-08-06 08:08:30  INFO        + Overtid satser.xlsx
2026-08-06 08:08:30  INFO        + Overenskomsttyper og timesatser.xlsx
2026-08-06 08:08:30  INFO        + Afdelinger.xlsx
2026-08-06 08:08:30  INFO      Backup gemt: lonsystem_2026-08-06_08-08.zip (2837.2 KB)
2026-08-06 08:08:30  INFO        Slettet gammel backup: lonsystem_2026-07-31_08-00.zip
2026-08-06 08:08:30  INFO      Ryddede 1 backup(s) ældre end 5 dage.
2026-08-06 08:08:30  INFO      === Backup færdig. 3 backup(s) i arkivet. ===
2026-08-10 08:24:18  INFO      === Backup starter -> lonsystem_2026-08-10_08-24.zip ===
2026-08-11 08:00:02  INFO      === Backup starter -> lonsystem_2026-08-11_08-00.zip ===
2026-08-11 08:00:13  INFO        + lonsystem.db (29448.0 KB)
2026-08-11 08:00:13  INFO        + Overtid satser.xlsx
2026-08-11 08:00:13  INFO        + Overenskomsttyper og timesatser.xlsx
2026-08-11 08:00:13  INFO        + Afdelinger.xlsx
2026-08-11 08:00:13  INFO      Backup gemt: lonsystem_2026-08-11_08-00.zip (3137.2 KB)
2026-08-11 08:00:13  INFO        Slettet gammel backup: lonsystem_2026-08-03_08-10.zip
2026-08-11 08:00:13  INFO        Slettet gammel backup: lonsystem_2026-08-04_08-00.zip
2026-08-11 08:00:13  INFO      Ryddede 2 backup(s) ældre end 5 dage.
2026-08-11 08:00:13  INFO      === Backup færdig. 2 backup(s) i arkivet. ===
2026-08-12 08:00:40  INFO      === Backup starter -> lonsystem_2026-08-12_08-00.zip ===
2026-08-12 08:00:42  INFO        + lonsystem.db (30460.0 KB)
2026-08-12 08:00:42  INFO        + Overtid satser.xlsx
2026-08-12 08:00:42  INFO        + Overenskomsttyper og timesatser.xlsx
2026-08-12 08:00:42  INFO        + Afdelinger.xlsx
2026-08-12 08:00:42  INFO      Backup gemt: lonsystem_2026-08-12_08-00.zip (3273.0 KB)
2026-08-12 08:00:42  INFO        Slettet gammel backup: lonsystem_2026-08-06_08-08.zip
2026-08-12 08:00:42  INFO      Ryddede 1 backup(s) ældre end 5 dage.
2026-08-12 08:00:42  INFO      === Backup færdig. 2 backup(s) i arkivet. ===
2026-08-13 08:02:28  INFO      === Backup starter -> lonsystem_2026-08-13_08-02.zip ===
2026-08-13 08:02:30  INFO        + lonsystem.db (31152.0 KB)
2026-08-13 08:02:30  INFO        + Overtid satser.xlsx
2026-08-13 08:02:30  INFO        + Overenskomsttyper og timesatser.xlsx
2026-08-13 08:02:30  INFO        + Afdelinger.xlsx
2026-08-13 08:02:30  INFO      Backup gemt: lonsystem_2026-08-13_08-02.zip (3361.8 KB)
2026-08-13 08:02:30  INFO      === Backup færdig. 3 backup(s) i arkivet. ===
2026-08-14 08:00:59  INFO      === Backup starter -> lonsystem_2026-08-14_08-00.zip ===
2026-08-14 08:01:01  INFO        + lonsystem.db (31604.0 KB)
2026-08-14 08:01:01  INFO        + Overtid satser.xlsx
2026-08-14 08:01:01  INFO        + Overenskomsttyper og timesatser.xlsx
2026-08-14 08:01:01  INFO        + Afdelinger.xlsx
2026-08-14 08:01:01  INFO      Backup gemt: lonsystem_2026-08-14_08-00.zip (3413.0 KB)
2026-08-14 08:01:01  INFO      === Backup færdig. 4 backup(s) i arkivet. ===
